// Jest Snapshot v1, https://goo.gl/fbAQLP

exports[`Given the <priorityCheckBox/> component should match the snapshot 1`] = `ShallowWrapper {}`;
